
> artillery-web@0.1.0 build
> next build

   โ–ฒ Next.js 15.1.0
   - Environments: .env.local

   Creating an optimized production build ...
 โ“ Compiled successfully
   Linting and checking validity of types ...
npm : 
At line:1 char:1
+ npm run build > build_output.txt 2>&1
+ ~~~~~~~~~~~~~~~~~~~~~~~~~~~~~~~~~~~~~
    + CategoryInfo          : NotSpecified: (:String) [], RemoteException
    + FullyQualifiedErrorId : NativeCommandError
 
Failed to compile.

./app/admin/audit-logs/page.tsx
32:12  Error: Unexpected any. Specify a different type.  @typescript-eslint/no-explicit-any
33:11  Error: Unexpected any. Specify a different type.  @typescript-eslint/no-explicit-any
34:10  Error: Unexpected any. Specify a different type.  @typescript-eslint/no-explicit-any
36:15  Error: Unexpected any. Specify a different type.  @typescript-eslint/no-explicit-any
44:20  Error: Unexpected any. Specify a different type.  @typescript-eslint/no-explicit-any
56:28  Error: Unexpected any. Specify a different type.  @typescript-eslint/no-explicit-any
72:11  Warning: 'loading' is assigned a value but never used.  @typescript-eslint/no-unused-vars
72:20  Warning: 'isAdmin' is assigned a value but never used.  @typescript-eslint/no-unused-vars
72:29  Warning: 'isActiveUser' is assigned a value but never used.  @typescript-eslint/no-unused-vars
116:20  Error: Unexpected any. Specify a different type.  @typescript-eslint/no-explicit-any
152:17  Error: Unexpected any. Specify a different type.  @typescript-eslint/no-explicit-any
198:33  Error: Unexpected any. Specify a different type.  @typescript-eslint/no-explicit-any

./app/admin/create-user/page.tsx
88:25  Error: Unexpected any. Specify a different type.  @typescript-eslint/no-explicit-any

./app/admin/online-users/page.tsx
50:11  Warning: 'loading' is assigned a value but never used.  @typescript-eslint/no-unused-vars
50:20  Warning: 'isAdmin' is assigned a value but never used.  @typescript-eslint/no-unused-vars
50:29  Warning: 'isActiveUser' is assigned a value but never used.  @typescript-eslint/no-unused-vars
158:29  Warning: Using `<img>` could result in slower LCP and higher bandwidth. Consider using `<Image />` 
from `next/image` or a custom image loader to automatically optimize images. This may incur additional 
usage or cost from your provider. See: https://nextjs.org/docs/messages/no-img-element  
@next/next/no-img-element
158:29  Warning: img elements must have an alt prop, either with meaningful text, or an empty string for 
decorative images.  jsx-a11y/alt-text

./app/admin/users/edit/[uid]/page.tsx
41:11  Warning: 'router' is assigned a value but never used.  @typescript-eslint/no-unused-vars

./app/admin/users/page.tsx
158:31  Error: Unexpected any. Specify a different type.  @typescript-eslint/no-explicit-any

./app/admin/visitor-units/page.tsx
306:107  Error: `"` can be escaped with `&quot;`, `&ldquo;`, `&#34;`, `&rdquo;`.  
react/no-unescaped-entities
306:112  Error: `"` can be escaped with `&quot;`, `&ldquo;`, `&#34;`, `&rdquo;`.  
react/no-unescaped-entities

./app/api/admin/change-password/route.ts
28:21  Error: Unexpected any. Specify a different type.  @typescript-eslint/no-explicit-any

./app/api/admin/create-user/route.ts
35:31  Error: Unexpected any. Specify a different type.  @typescript-eslint/no-explicit-any
71:21  Error: Unexpected any. Specify a different type.  @typescript-eslint/no-explicit-any

./app/components/ClientLayout.tsx
3:10  Warning: 'AuthProvider' is defined but never used.  @typescript-eslint/no-unused-vars

./app/components/dashboard/Sidebar.tsx
10:3  Warning: 'Calendar' is defined but never used.  @typescript-eslint/no-unused-vars
11:3  Warning: 'Mail' is defined but never used.  @typescript-eslint/no-unused-vars
18:3  Warning: 'Car' is defined but never used.  @typescript-eslint/no-unused-vars

./app/dashboard/page.tsx
115:12  Error: Do not use an `<a>` element to navigate to `/`. Use `<Link />` from `next/link` instead. 
See: https://nextjs.org/docs/messages/no-html-link-for-pages  @next/next/no-html-link-for-pages

./app/gate-control/page.tsx
30:14  Error: Unexpected any. Specify a different type.  @typescript-eslint/no-explicit-any
39:16  Error: Unexpected any. Specify a different type.  @typescript-eslint/no-explicit-any
129:17  Error: Unexpected any. Specify a different type.  @typescript-eslint/no-explicit-any
150:17  Error: Unexpected any. Specify a different type.  @typescript-eslint/no-explicit-any

./app/history/page.tsx
5:18  Warning: 'Filter' is defined but never used.  @typescript-eslint/no-unused-vars
5:36  Warning: 'Calendar' is defined but never used.  @typescript-eslint/no-unused-vars
5:56  Warning: 'Hash' is defined but never used.  @typescript-eslint/no-unused-vars
5:62  Warning: 'Clock' is defined but never used.  @typescript-eslint/no-unused-vars
68:60  Error: Unexpected any. Specify a different type.  @typescript-eslint/no-explicit-any
182:53  Warning: Using `<img>` could result in slower LCP and higher bandwidth. Consider using `<Image />` 
from `next/image` or a custom image loader to automatically optimize images. This may incur additional 
usage or cost from your provider. See: https://nextjs.org/docs/messages/no-img-element  
@next/next/no-img-element
283:41  Warning: Using `<img>` could result in slower LCP and higher bandwidth. Consider using `<Image />` 
from `next/image` or a custom image loader to automatically optimize images. This may incur additional 
usage or cost from your provider. See: https://nextjs.org/docs/messages/no-img-element  
@next/next/no-img-element

./app/monitor/page.tsx
22:8  Error: Unexpected any. Specify a different type.  @typescript-eslint/no-explicit-any
60:25  Error: Unexpected any. Specify a different type.  @typescript-eslint/no-explicit-any
125:26  Error: Unexpected any. Specify a different type.  @typescript-eslint/no-explicit-any
126:27  Error: Unexpected any. Specify a different type.  @typescript-eslint/no-explicit-any
178:5  Warning: Unused eslint-disable directive (no problems were reported from 
'react-hooks/exhaustive-deps').
203:15  Error: Do not use an `<a>` element to navigate to `/`. Use `<Link />` from `next/link` instead. 
See: https://nextjs.org/docs/messages/no-html-link-for-pages  @next/next/no-html-link-for-pages
289:15  Warning: Using `<img>` could result in slower LCP and higher bandwidth. Consider using `<Image />` 
from `next/image` or a custom image loader to automatically optimize images. This may incur additional 
usage or cost from your provider. See: https://nextjs.org/docs/messages/no-img-element  
@next/next/no-img-element

./app/page.tsx
25:19  Error: Unexpected any. Specify a different type.  @typescript-eslint/no-explicit-any
37:9  Warning: Using `<img>` could result in slower LCP and higher bandwidth. Consider using `<Image />` 
from `next/image` or a custom image loader to automatically optimize images. This may incur additional 
usage or cost from your provider. See: https://nextjs.org/docs/messages/no-img-element  
@next/next/no-img-element

./app/profile/page.tsx
8:28  Error: Unexpected any. Specify a different type.  @typescript-eslint/no-explicit-any

./app/records/components/ImageUploadField.tsx
22:7  Error: Error: Calling setState synchronously within an effect can trigger cascading renders

Effects are intended to synchronize state between React and external systems such as manually updating the 
DOM, state management libraries, or other platform APIs. In general, the body of an effect should do one or 
both of the following:
* Update external systems with the latest state from React.
* Subscribe for updates from some external system, calling setState in a callback function when external 
state changes.

Calling setState synchronously within an effect body causes cascading renders that can hurt performance, 
and is not recommended. (https://react.dev/learn/you-might-not-need-an-effect).

D:\artillery.ailpr\artillery-web\app\records\components\ImageUploadField.tsx:22:7
  20 |   useEffect(() => {
  21 |     if (!currentFile) {
> 22 |       setPreview(existingUrl || null);
     |       ^^^^^^^^^^ Avoid calling setState() directly within an effect
  23 |       return;
  24 |     }
  25 |  react-hooks/set-state-in-effect
97:11  Warning: Using `<img>` could result in slower LCP and higher bandwidth. Consider using `<Image />` 
from `next/image` or a custom image loader to automatically optimize images. This may incur additional 
usage or cost from your provider. See: https://nextjs.org/docs/messages/no-img-element  
@next/next/no-img-element

./app/records/components/RecordForm.tsx
26:10  Warning: 'AUTHORIZED_UNITS' is defined but never used.  @typescript-eslint/no-unused-vars
139:58  Error: Unexpected any. Specify a different type.  @typescript-eslint/no-explicit-any
330:28  Error: Unexpected any. Specify a different type.  @typescript-eslint/no-explicit-any

./app/records/components/RecordTable.tsx
4:18  Warning: 'Eye' is defined but never used.  @typescript-eslint/no-unused-vars
43:5  Warning: 'pageSize' is assigned a value but never used.  @typescript-eslint/no-unused-vars
79:20  Error: Unexpected any. Specify a different type.  @typescript-eslint/no-explicit-any
95:28  Error: Unexpected any. Specify a different type.  @typescript-eslint/no-explicit-any
135:36  Error: Unexpected any. Specify a different type.  @typescript-eslint/no-explicit-any
271:125  Error: Unexpected any. Specify a different type.  @typescript-eslint/no-explicit-any
271:157  Error: Unexpected any. Specify a different type.  @typescript-eslint/no-explicit-any

./app/records/page.tsx
5:96  Warning: 'doc' is defined but never used.  @typescript-eslint/no-unused-vars
5:101  Warning: 'getDoc' is defined but never used.  @typescript-eslint/no-unused-vars
34:12  Warning: 'isInitialLoad' is assigned a value but never used.  @typescript-eslint/no-unused-vars
41:8  Warning: React Hook useEffect has a missing dependency: 'loadRecords'. Either include it or remove 
the dependency array.  react-hooks/exhaustive-deps
51:31  Error: Unexpected any. Specify a different type.  @typescript-eslint/no-explicit-any
131:31  Error: Unexpected any. Specify a different type.  @typescript-eslint/no-explicit-any

./app/records/review-by-unit/components/BulkApproveButton.tsx
7:48  Warning: 'X' is defined but never used.  @typescript-eslint/no-unused-vars
67:52  Error: `"` can be escaped with `&quot;`, `&ldquo;`, `&#34;`, `&rdquo;`.  react/no-unescaped-entities
67:62  Error: `"` can be escaped with `&quot;`, `&ldquo;`, `&#34;`, `&rdquo;`.  react/no-unescaped-entities
67:85  Error: `"` can be escaped with `&quot;`, `&ldquo;`, `&#34;`, `&rdquo;`.  react/no-unescaped-entities
67:99  Error: `"` can be escaped with `&quot;`, `&ldquo;`, `&#34;`, `&rdquo;`.  react/no-unescaped-entities

./app/records/review-by-unit/components/RecordReviewModal.tsx
7:5  Warning: 'Calendar' is defined but never used.  @typescript-eslint/no-unused-vars
8:10  Warning: 'ChevronRight' is defined but never used.  @typescript-eslint/no-unused-vars
110:41  Warning: Using `<img>` could result in slower LCP and higher bandwidth. Consider using `<Image />` 
from `next/image` or a custom image loader to automatically optimize images. This may incur additional 
usage or cost from your provider. See: https://nextjs.org/docs/messages/no-img-element  
@next/next/no-img-element
110:41  Warning: img elements must have an alt prop, either with meaningful text, or an empty string for 
decorative images.  jsx-a11y/alt-text
123:41  Warning: Using `<img>` could result in slower LCP and higher bandwidth. Consider using `<Image />` 
from `next/image` or a custom image loader to automatically optimize images. This may incur additional 
usage or cost from your provider. See: https://nextjs.org/docs/messages/no-img-element  
@next/next/no-img-element
123:41  Warning: img elements must have an alt prop, either with meaningful text, or an empty string for 
decorative images.  jsx-a11y/alt-text
136:41  Warning: Using `<img>` could result in slower LCP and higher bandwidth. Consider using `<Image />` 
from `next/image` or a custom image loader to automatically optimize images. This may incur additional 
usage or cost from your provider. See: https://nextjs.org/docs/messages/no-img-element  
@next/next/no-img-element
136:41  Warning: img elements must have an alt prop, either with meaningful text, or an empty string for 
decorative images.  jsx-a11y/alt-text
328:27  Error: Unexpected any. Specify a different type.  @typescript-eslint/no-explicit-any
332:30  Error: Unexpected any. Specify a different type.  @typescript-eslint/no-explicit-any

./app/records/review-by-unit/components/UnitRecordDetailTable.tsx
5:24  Warning: 'Calendar' is defined but never used.  @typescript-eslint/no-unused-vars
5:72  Warning: 'ImageIcon' is defined but never used.  @typescript-eslint/no-unused-vars
131:57  Warning: Using `<img>` could result in slower LCP and higher bandwidth. Consider using `<Image />` 
from `next/image` or a custom image loader to automatically optimize images. This may incur additional 
usage or cost from your provider. See: https://nextjs.org/docs/messages/no-img-element  
@next/next/no-img-element

./app/records/review-by-unit/page.tsx
8:10  Warning: 'AUTHORIZED_UNITS' is defined but never used.  @typescript-eslint/no-unused-vars
20:5  Warning: 'RefreshCcw' is defined but never used.  @typescript-eslint/no-unused-vars
23:5  Warning: 'CheckCircle' is defined but never used.  @typescript-eslint/no-unused-vars
24:5  Warning: 'FileText' is defined but never used.  @typescript-eslint/no-unused-vars
25:5  Warning: 'History' is defined but never used.  @typescript-eslint/no-unused-vars
28:11  Warning: 'VisitorUnit' is defined but never used.  @typescript-eslint/no-unused-vars
35:13  Warning: 'profile' is assigned a value but never used.  @typescript-eslint/no-unused-vars
37:12  Warning: 'activeRecords' is assigned a value but never used.  @typescript-eslint/no-unused-vars
43:19  Warning: 'setError' is assigned a value but never used.  @typescript-eslint/no-unused-vars
51:9  Error: Error: Calling setState synchronously within an effect can trigger cascading renders

Effects are intended to synchronize state between React and external systems such as manually updating the 
DOM, state management libraries, or other platform APIs. In general, the body of an effect should do one or 
both of the following:
* Update external systems with the latest state from React.
* Subscribe for updates from some external system, calling setState in a callback function when external 
state changes.

Calling setState synchronously within an effect body causes cascading renders that can hurt performance, 
and is not recommended. (https://react.dev/learn/you-might-not-need-an-effect).

D:\artillery.ailpr\artillery-web\app\records\review-by-unit\page.tsx:51:9
  49 |     // This gives us the list of "Units with work" without loading all history.
  50 |     useEffect(() => {
> 51 |         setLoadingUnits(true);
     |         ^^^^^^^^^^^^^^^ Avoid calling setState() directly within an effect
  52 |         const q = query(
  53 |             collection(db, "vehicle_records"), 
  54 |             where("status", "in", ["draft", "pending_review"]),  react-hooks/set-state-in-effect
81:13  Error: Error: Calling setState synchronously within an effect can trigger cascading renders

Effects are intended to synchronize state between React and external systems such as manually updating the 
DOM, state management libraries, or other platform APIs. In general, the body of an effect should do one or 
both of the following:
* Update external systems with the latest state from React.
* Subscribe for updates from some external system, calling setState in a callback function when external 
state changes.

Calling setState synchronously within an effect body causes cascading renders that can hurt performance, 
and is not recommended. (https://react.dev/learn/you-might-not-need-an-effect).

D:\artillery.ailpr\artillery-web\app\records\review-by-unit\page.tsx:81:13
  79 |     useEffect(() => {
  80 |         if (!selectedUnitCode) {
> 81 |             setRecords([]);
     |             ^^^^^^^^^^ Avoid calling setState() directly within an effect
  82 |             return;
  83 |         }
  84 |  react-hooks/set-state-in-effect

./app/statistics/page.tsx
7:5  Warning: 'LineChart' is defined but never used.  @typescript-eslint/no-unused-vars
7:16  Warning: 'Line' is defined but never used.  @typescript-eslint/no-unused-vars
11:20  Warning: 'Calendar' is defined but never used.  @typescript-eslint/no-unused-vars

./app/visitors/components/VisitorForm.tsx
3:27  Warning: 'useEffect' is defined but never used.  @typescript-eslint/no-unused-vars
4:67  Warning: 'Clock' is defined but never used.  @typescript-eslint/no-unused-vars
4:106  Warning: 'X' is defined but never used.  @typescript-eslint/no-unused-vars
4:109  Warning: 'ShieldAlert' is defined but never used.  @typescript-eslint/no-unused-vars
5:15  Warning: 'collection' is defined but never used.  @typescript-eslint/no-unused-vars
14:10  Warning: 'AUTHORIZED_UNITS' is defined but never used.  @typescript-eslint/no-unused-vars
108:28  Error: Unexpected any. Specify a different type.  @typescript-eslint/no-explicit-any
227:41  Warning: Using `<img>` could result in slower LCP and higher bandwidth. Consider using `<Image />` 
from `next/image` or a custom image loader to automatically optimize images. This may incur additional 
usage or cost from your provider. See: https://nextjs.org/docs/messages/no-img-element  
@next/next/no-img-element

./app/visitors/components/VisitorTable.tsx
4:73  Warning: 'MapPin' is defined but never used.  @typescript-eslint/no-unused-vars
4:90  Warning: 'Navigation' is defined but never used.  @typescript-eslint/no-unused-vars
104:49  Warning: Using `<img>` could result in slower LCP and higher bandwidth. Consider using `<Image />` 
from `next/image` or a custom image loader to automatically optimize images. This may incur additional 
usage or cost from your provider. See: https://nextjs.org/docs/messages/no-img-element  
@next/next/no-img-element

./app/visitors/page.tsx
6:5  Warning: 'Search' is defined but never used.  @typescript-eslint/no-unused-vars
7:5  Warning: 'Filter' is defined but never used.  @typescript-eslint/no-unused-vars
8:5  Warning: 'Download' is defined but never used.  @typescript-eslint/no-unused-vars
9:5  Warning: 'UserPlus' is defined but never used.  @typescript-eslint/no-unused-vars
11:5  Warning: 'MapPin' is defined but never used.  @typescript-eslint/no-unused-vars
12:5  Warning: 'Building' is defined but never used.  @typescript-eslint/no-unused-vars
14:5  Warning: 'CheckCircle2' is defined but never used.  @typescript-eslint/no-unused-vars
50:9  Error: Error: Calling setState synchronously within an effect can trigger cascading renders

Effects are intended to synchronize state between React and external systems such as manually updating the 
DOM, state management libraries, or other platform APIs. In general, the body of an effect should do one or 
both of the following:
* Update external systems with the latest state from React.
* Subscribe for updates from some external system, calling setState in a callback function when external 
state changes.

Calling setState synchronously within an effect body causes cascading renders that can hurt performance, 
and is not recommended. (https://react.dev/learn/you-might-not-need-an-effect).

D:\artillery.ailpr\artillery-web\app\visitors\page.tsx:50:9
  48 |         if (!profile) return;
  49 |
> 50 |         setLoading(true);
     |         ^^^^^^^^^^ Avoid calling setState() directly within an effect
  51 |         const visitorsRef = collection(db, "visitors");
  52 |         
  53 |         let q;  react-hooks/set-state-in-effect
195:93  Error: Unexpected any. Specify a different type.  @typescript-eslint/no-explicit-any

./src/context/AuthContext.tsx
19:15  Error: Unexpected any. Specify a different type.  @typescript-eslint/no-explicit-any
20:15  Error: Unexpected any. Specify a different type.  @typescript-eslint/no-explicit-any

./src/hooks/useOnlineUsers.ts
6:38  Error: Unexpected any. Specify a different type.  @typescript-eslint/no-explicit-any
14:23  Error: Unexpected any. Specify a different type.  @typescript-eslint/no-explicit-any

./src/lib/audit.ts
8:12  Error: Unexpected any. Specify a different type.  @typescript-eslint/no-explicit-any
9:11  Error: Unexpected any. Specify a different type.  @typescript-eslint/no-explicit-any
10:10  Error: Unexpected any. Specify a different type.  @typescript-eslint/no-explicit-any

./src/lib/requirePagePermission.tsx
7:1  Error: Use "@ts-expect-error" instead of "@ts-ignore", as "@ts-ignore" will do nothing if the 
following line is error-free.  @typescript-eslint/ban-ts-comment
36:5  Error: Error: Calling setState synchronously within an effect can trigger cascading renders

Effects are intended to synchronize state between React and external systems such as manually updating the 
DOM, state management libraries, or other platform APIs. In general, the body of an effect should do one or 
both of the following:
* Update external systems with the latest state from React.
* Subscribe for updates from some external system, calling setState in a callback function when external 
state changes.

Calling setState synchronously within an effect body causes cascading renders that can hurt performance, 
and is not recommended. (https://react.dev/learn/you-might-not-need-an-effect).

D:\artillery.ailpr\artillery-web\src\lib\requirePagePermission.tsx:36:5
  34 |     const canAccess = hasPermission(role, module);
  35 |     
> 36 |     setAuthorized(canAccess);
     |     ^^^^^^^^^^^^^ Avoid calling setState() directly within an effect
  37 |   }, [user, profile, loading, module, router]);
  38 |
  39 |   if (loading || authorized === null) {  react-hooks/set-state-in-effect

./src/lib/validationHelper.ts
10:47  Error: Unexpected any. Specify a different type.  @typescript-eslint/no-explicit-any

info  - Need to disable some ESLint rules? Learn more here: 
https://nextjs.org/docs/app/api-reference/config/eslint#disabling-rules
